meduza.io
adidas.com
cloud.mongodb.com
libgen.rs
musical.ly
newsru.com
pscp.tv
rus.delfi.ee
selezen.org
slavicsac.com
sobesednik.ru
torrenteditor.com
tweetdeck.com
twttr.com
wixmp.com
urban3p.ru
urban3p.com
2ip.ru
habr.com
kino.pub
youtube
yt-video-upload.l.google.com
jnn-pa.googleapis.com
ytimg.l.google.com
copilot.microsoft.com
githubcopilot.com
api.github.com
api.individual.githubcopilot.com
proxy.individual.githubcopilot.com
copilot-telemetry.githubusercontent.com
app.4pda.to
agentura.ru
abook-club.ru
amdm.ru
jpg5.su
animespirit.ru
anistars.ru
bbci.co.uk
avira.com
baikal-journal.ru
bestchange.ru
discordapp.io
bestbuy.com
clamav.net
coomer.su
colta.ru
eggertspiele.de
fast-torrent.club
doxajournal.ru
ej.ru
dyson.com
exler.ru
f95-zone.to
fn-volga.ru
game.brawlstarsgame.com
gofundme.com
gpsonextra.net
gr-assets.com
grani.ru
groupon.com
hyundainews.com
hume.ai
intel.nl
itsmycity.ru
jut.su
kara.su
kasparov.ru
kemono.su
kemono.party
livetv.sx
nflxvideo.net
nflxsearch.net
mangahub.ru
newtimes.ru
novayagazeta.ru
ohmyswift.ru
onfastspring.com
piccy.info
paperpaper.ru
pimpletv.ru
rutracker.ru
polit.ru
republic.ru
rezka.my
rezkify.com
rferl.org
seasonvar.ru
telegraf.news
telegraf.by
the-village.ru
theins.ru
tjournal.ru
tvrain.ru
xnxx-cdn.com
xvideos-cdn.com
twitter.jp
twitterinc.com
weebly.com
moscowtimes.ru
zahav.ru
echo.msk.ru
ytimg.com
aniu.ru
ggpht.com
imgur.com
snob.ru